#-----------------------------------------------------------
# Vivado v2024.1 (64-bit)
# SW Build 5076996 on Wed May 22 18:37:14 MDT 2024
# IP Build 5075265 on Wed May 22 21:45:21 MDT 2024
# SharedData Build 5076995 on Wed May 22 18:29:18 MDT 2024
# Start of session at: Wed Oct 23 18:04:20 2024
# Process ID: 9884
# Current directory: G:/Study/Nantong University Course Materials/7th Semester/Course Design for Computer/FirstProject/FirstProject.runs/synth_1
# Command line: vivado.exe -log half_adder.vds -product Vivado -mode batch -messageDb vivado.pb -notrace -source half_adder.tcl
# Log file: G:/Study/Nantong University Course Materials/7th Semester/Course Design for Computer/FirstProject/FirstProject.runs/synth_1/half_adder.vds
# Journal file: G:/Study/Nantong University Course Materials/7th Semester/Course Design for Computer/FirstProject/FirstProject.runs/synth_1\vivado.jou
# Running On        :misbahulamin
# Platform          :Windows Server 2016 or Windows 10
# Operating System  :22631
# Processor Detail  :11th Gen Intel(R) Core(TM) i5-11400H @ 2.70GHz
# CPU Frequency     :2688 MHz
# CPU Physical cores:6
# CPU Logical cores :12
# Host memory       :8315 MB
# Swap memory       :15569 MB
# Total Virtual     :23884 MB
# Available Virtual :11991 MB
#-----------------------------------------------------------
source half_adder.tcl -notrace
